     June 2021        
Su Mo Tu We Th Fr Sa  
       1  2  3 _ _4  5  
 6  7  8  9 10 11 12  
13 14 15 16 17 18 19  
20 21 22 23 24 25 26  
27 28 29 30           
                      
Fri Jun  4 12:58:06 IST 2021
IIIT Hyderabad is cool
IIIT Hyderabad is cool
IIIT Hyderabad is cool
IIIT Hyderabad is cool
IIIT Hyderabad is cool
IIIT Hyderabad is cool
IIIT Hyderabad is cool
IIIT Hyderabad is cool
IIIT Hyderabad is cool
IIIT Hyderabad is cool
IIIT Hyderabad is cool
IIIT Hyderabad is cool
IIIT Hyderabad is cool
IIIT Hyderabad is cool
IIIT Hyderabad is cool
IIIT Hyderabad is cool
IIIT Hyderabad is cool
IIIT Hyderabad is cool
IIIT Hyderabad is cool
IIIT Hyderabad is cool
IIIT Hyderabad is cool
IIIT Hyderabad is cool
IIIT Hyderabad is cool
IIIT Hyderabad is cool
IIIT Hyderabad is cool
IIIT Hyderabad is cool
IIIT Hyderabad is cool
IIIT Hyderabad is cool
IIIT Hyderabad is cool
IIIT Hyderabad is cool
IIIT Hyderabad is cool
IIIT Hyderabad is cool
IIIT Hyderabad is cool
IIIT Hyderabad is cool
IIIT Hyderabad is cool
IIIT Hyderabad is cool
IIIT Hyderabad is cool
IIIT Hyderabad is cool
IIIT Hyderabad is cool
IIIT Hyderabad is cool
IIIT Hyderabad is cool
IIIT Hyderabad is cool
IIIT Hyderabad is cool
IIIT Hyderabad is cool
IIIT Hyderabad is cool
IIIT Hyderabad is cool
IIIT Hyderabad is cool
IIIT Hyderabad is cool
IIIT Hyderabad is cool
IIIT Hyderabad is cool
IIIT Hyderabad is cool
IIIT Hyderabad is cool
IIIT Hyderabad is cool
IIIT Hyderabad is cool
IIIT Hyderabad is cool
IIIT Hyderabad is cool
IIIT Hyderabad is cool
IIIT Hyderabad is cool
IIIT Hyderabad is cool
IIIT Hyderabad is cool
IIIT Hyderabad is cool
IIIT Hyderabad is cool
IIIT Hyderabad is cool
IIIT Hyderabad is cool
IIIT Hyderabad is cool
IIIT Hyderabad is cool
IIIT Hyderabad is cool
IIIT Hyderabad is cool
IIIT Hyderabad is cool
IIIT Hyderabad is cool
IIIT Hyderabad is cool
IIIT Hyderabad is cool
IIIT Hyderabad is cool
IIIT Hyderabad is cool
IIIT Hyderabad is cool
IIIT Hyderabad is cool
IIIT Hyderabad is cool
IIIT Hyderabad is cool
IIIT Hyderabad is cool
IIIT Hyderabad is cool
IIIT Hyderabad is cool
IIIT Hyderabad is cool
IIIT Hyderabad is cool
IIIT Hyderabad is cool
IIIT Hyderabad is cool
IIIT Hyderabad is cool
IIIT Hyderabad is cool
IIIT Hyderabad is cool
IIIT Hyderabad is cool
IIIT Hyderabad is cool
IIIT Hyderabad is cool
IIIT Hyderabad is cool
IIIT Hyderabad is cool
IIIT Hyderabad is cool
IIIT Hyderabad is cool
IIIT Hyderabad is cool
IIIT Hyderabad is cool
IIIT Hyderabad is cool
IIIT Hyderabad is cool
IIIT Hyderabad is cool
     June 2021        
Su Mo Tu We Th Fr Sa  
       1  2  3 _ _4  5  
20 21 22 23 24 25 26  
27 28 29 30           
                      
Fri Jun  4 12:58:06 IST 2021
IIIT Hyderabad is cool
IIIT Hyderabad is cool
IIIT Hyderabad is cool
IIIT Hyderabad is cool
IIIT Hyderabad is cool
IIIT Hyderabad is cool
100
2
2

We
_
9
16
23
30

12:58:06
cool
cool
cool
cool
cool
cool
cool
cool
cool
cool
cool
cool
cool
cool
cool
cool
cool
cool
cool
cool
cool
cool
cool
cool
cool
cool
cool
cool
cool
cool
cool
cool
cool
cool
cool
cool
cool
cool
cool
cool
cool
cool
cool
cool
cool
cool
cool
cool
cool
cool
cool
cool
cool
cool
cool
cool
cool
cool
cool
cool
cool
cool
cool
cool
cool
cool
cool
cool
cool
cool
cool
cool
cool
cool
cool
cool
cool
cool
cool
cool
cool
cool
cool
cool
cool
cool
cool
cool
cool
cool
cool
cool
cool
cool
cool
cool
cool
cool
cool
cool
2021   
Mo Tu We Th
2 3 _ _4
7 8 9 10
14 15 16 17
21 22 23 24
28 29 30 
   
Jun 4 12:58:06 IST
Hyderabad is cool 
Hyderabad is cool 
Hyderabad is cool 
Hyderabad is cool 
Hyderabad is cool 
Hyderabad is cool 
Hyderabad is cool 
Hyderabad is cool 
Hyderabad is cool 
Hyderabad is cool 
Hyderabad is cool 
Hyderabad is cool 
Hyderabad is cool 
Hyderabad is cool 
Hyderabad is cool 
Hyderabad is cool 
Hyderabad is cool 
Hyderabad is cool 
Hyderabad is cool 
Hyderabad is cool 
Hyderabad is cool 
Hyderabad is cool 
Hyderabad is cool 
Hyderabad is cool 
Hyderabad is cool 
Hyderabad is cool 
Hyderabad is cool 
Hyderabad is cool 
Hyderabad is cool 
Hyderabad is cool 
Hyderabad is cool 
Hyderabad is cool 
Hyderabad is cool 
Hyderabad is cool 
Hyderabad is cool 
Hyderabad is cool 
Hyderabad is cool 
Hyderabad is cool 
Hyderabad is cool 
Hyderabad is cool 
Hyderabad is cool 
Hyderabad is cool 
Hyderabad is cool 
Hyderabad is cool 
Hyderabad is cool 
Hyderabad is cool 
Hyderabad is cool 
Hyderabad is cool 
Hyderabad is cool 
Hyderabad is cool 
Hyderabad is cool 
Hyderabad is cool 
Hyderabad is cool 
Hyderabad is cool 
Hyderabad is cool 
Hyderabad is cool 
Hyderabad is cool 
Hyderabad is cool 
Hyderabad is cool 
Hyderabad is cool 
Hyderabad is cool 
Hyderabad is cool 
Hyderabad is cool 
Hyderabad is cool 
Hyderabad is cool 
Hyderabad is cool 
Hyderabad is cool 
Hyderabad is cool 
Hyderabad is cool 
Hyderabad is cool 
Hyderabad is cool 
Hyderabad is cool 
Hyderabad is cool 
Hyderabad is cool 
Hyderabad is cool 
Hyderabad is cool 
Hyderabad is cool 
Hyderabad is cool 
Hyderabad is cool 
Hyderabad is cool 
Hyderabad is cool 
Hyderabad is cool 
Hyderabad is cool 
Hyderabad is cool 
Hyderabad is cool 
Hyderabad is cool 
Hyderabad is cool 
Hyderabad is cool 
Hyderabad is cool 
Hyderabad is cool 
Hyderabad is cool 
Hyderabad is cool 
Hyderabad is cool 
Hyderabad is cool 
Hyderabad is cool 
Hyderabad is cool 
Hyderabad is cool 
Hyderabad is cool 
Hyderabad is cool 
Hyderabad is cool 

Tu
3
8
15
22
29

4
is
is
is
is
is
is
is
is
is
is
is
is
is
is
is
is
is
is
is
is
is
is
is
is
is
is
is
is
is
is
is
is
is
is
is
is
is
is
is
is
is
is
is
is
is
is
is
is
is
is
is
is
is
is
is
is
is
is
is
is
is
is
is
is
is
is
is
is
is
is
is
is
is
is
is
is
is
is
is
is
is
is
is
is
is
is
is
is
is
is
is
is
is
is
is
2021 
Mo We
2 _
7 9
14 16
21 23
28 30
 
Jun 12:58:06
Hyderabad cool
Hyderabad cool
Hyderabad cool
Hyderabad cool
Hyderabad cool
Hyderabad cool
Hyderabad cool
Hyderabad cool
Hyderabad cool
Hyderabad cool
Hyderabad cool
Hyderabad cool
Hyderabad cool
Hyderabad cool
Hyderabad cool
Hyderabad cool
Hyderabad cool
Hyderabad cool
Hyderabad cool
Hyderabad cool
Hyderabad cool
Hyderabad cool
Hyderabad cool
Hyderabad cool
Hyderabad cool
Hyderabad cool
Hyderabad cool
Hyderabad cool
Hyderabad cool
Hyderabad cool
Hyderabad cool
Hyderabad cool
Hyderabad cool
Hyderabad cool
Hyderabad cool
Hyderabad cool
Hyderabad cool
Hyderabad cool
Hyderabad cool
Hyderabad cool
Hyderabad cool
Hyderabad cool
Hyderabad cool
Hyderabad cool
Hyderabad cool
Hyderabad cool
Hyderabad cool
Hyderabad cool
Hyderabad cool
Hyderabad cool
Hyderabad cool
Hyderabad cool
Hyderabad cool
Hyderabad cool
Hyderabad cool
Hyderabad cool
Hyderabad cool
Hyderabad cool
Hyderabad cool
Hyderabad cool
Hyderabad cool
Hyderabad cool
Hyderabad cool
Hyderabad cool
Hyderabad cool
Hyderabad cool
Hyderabad cool
Hyderabad cool
Hyderabad cool
Hyderabad cool
Hyderabad cool
Hyderabad cool
Hyderabad cool
Hyderabad cool
Hyderabad cool
Hyderabad cool
Hyderabad cool
Hyderabad cool
Hyderabad cool
Hyderabad cool
Hyderabad cool
Hyderabad cool
Hyderabad cool
Hyderabad cool
Hyderabad cool
Hyderabad cool
Hyderabad cool
Hyderabad cool
Hyderabad cool
Hyderabad cool
Hyderabad cool
Hyderabad cool
Hyderabad cool
Hyderabad cool
Hyderabad cool
Hyderabad cool
Hyderabad cool
Hyderabad cool
Hyderabad cool
Hyderabad cool
